// Jest Snapshot v1, https://goo.gl/fbAQLP

exports[`send feedback 1`] = `
Array [
  "https://work.prinzeugen.net/statistics/feedback",
  Object {
    "body": "site_name=Blessing%20Skin&site_url=&version=4.0.0",
    "headers": Object {
      "Accept": "application/json",
      "Content-Type": "application/x-www-form-urlencoded",
    },
    "method": "POST",
    "mode": "cors",
  },
]
`;
